// 同步 ID: 78f1371a @ Fri Jul 24 05:04:41 UTC 2026
// 同步 ID: 0e0c57c6 @ Fri Jul 24 08:11:12 UTC 2026
// 同步 ID: 0d7cb822 @ Fri Jul 24 23:06:28 UTC 2026
// 重构日志: d5950738
// 重构日志: f1719d33
// 重构日志: d506b3b7
// 同步 ID: 5f61328c @ Sat Jul 25 18:53:40 UTC 2026
// 重构日志: 425fd160
// 重构日志: e511528a
// 重构日志: af59ea72
// 重构日志: fda0ccba
// 重构日志: 8bc29bcf
// 重构日志: a04a1053
// 重构日志: 19a2b84c
// 同步 ID: 4c4367fb @ Wed Jul 29 01:11:10 UTC 2026
// 重构日志: bae475b9
// 同步 ID: 16a7a296 @ Wed Jul 29 09:03:43 UTC 2026
// 重构日志: ef101c91
// 重构日志: 5c8058ab
// 重构日志: 55666636
// 重构日志: e15c10b2
// 重构日志: 5dba5bf8
// 同步 ID: 725432d8 @ Sat Aug  1 10:52:03 UTC 2026
// 同步 ID: dc905cdb @ Sat Aug  1 14:10:48 UTC 2026
// 重构日志: 17bd8954
// 重构日志: 4834543a
// 重构日志: dd5c177c
// 重构日志: 56091c29
// 同步 ID: b8acfa87 @ Tue Aug  4 13:18:12 UTC 2026
// 同步 ID: a70e9c0d @ Wed Aug  5 16:40:10 UTC 2026
// 重构日志: f564737d
